<html>
<body>
<pre>
<h1>礦ision Build Log</h1>
<h2>Tool Versions:</h2>
IDE-Version: μVision V5.14.0.0
Copyright (C) 2015 ARM Ltd and ARM Germany GmbH. All rights reserved.
License Information: Ni Mo, ZWPY, LIC=UB4EV-PR346-68MFC-71VTS-04QU4-XESSM
 
Tool Versions:
Toolchain:       MDK-ARM Professional  Version: 5.14.0.0
Toolchain Path:  D:\Keil_v5\ARM\ARMCC\Bin
C Compiler:      Armcc.exe V5.05 update 1 (build 106)
Assembler:       Armasm.exe V5.05 update 1 (build 106)
Linker/Locator:  ArmLink.exe V5.05 update 1 (build 106)
Library Manager: ArmAr.exe V5.05 update 1 (build 106)
Hex Converter:   FromElf.exe V5.05 update 1 (build 106)
CPU DLL:         SARMCM3.DLL V5.14.0.0
Dialog DLL:      DCM.DLL V1.13.1.0
Target DLL:      Segger\JL2CM3.dll V2.99.13.0
Dialog DLL:      TCM.DLL V1.14.4.0
 
<h2>Project:</h2>
C:\Users\NiMo\Desktop\童光强\D1000\程序\程序\D1000代码 2016-08-28\Main.Contrl.V2.0软件\MCU BOOT 5-25\STM32F4XX_BASE\USER\STM32F4XX_BASE.uvprojx
Project File Date:  01/13/2017

<h2>Output:</h2>
Build target 'STM32F4_BASE'
compiling led.c...
compiling delay.c...
compiling sys.c...
compiling spi1.c...
compiling myiic.c...
compiling timer.c...
compiling usart.c...
..\BSP\usart\usart.c(109): warning:  #550-D: variable "Res" was set but never used
        u8 Res;
..\BSP\usart\usart.c: 1 warning, 0 errors
compiling my_spi.c...
assembling startup_stm32f40xx.s...
compiling misc.c...
compiling stm32f4xx_gpio.c...
compiling stm32f4xx_syscfg.c...
compiling stm32f4xx_usart.c...
compiling stm32f4xx_rcc.c...
compiling stm32f4xx_spi.c...
compiling stm32f4xx_tim.c...
compiling stm32f4xx_flash.c...
compiling main.c...
compiling stm32f4xx_it.c...
compiling system_stm32f4xx.c...
compiling at24cxx.c...
compiling loopback.c...
compiling md5.c...
compiling socket.c...
compiling util.c...
compiling w5500.c...
compiling w5500_conf.c...
linking...
Program Size: Code=20020 RO-data=440 RW-data=160 ZI-data=129908  
FromELF: creating hex file...
".\Objects\STM32F4XX_BASE.axf" - 0 Error(s), 1 Warning(s).

<h2>Collection of Component include folders:</h2>
  C:\Users\NiMo\Desktop\童光强\D1000\程序\程序\D1000代码 2016-08-28\Main.Contrl.V2.0软件\MCU BOOT 5-25\STM32F4XX_BASE\USER\RTE
  D:\Keil_v5\ARM\PACK\Keil\STM32F4xx_DFP\1.0.8\Device\Include

<h2>Collection of Component Files used:</h2>
</pre>
</body>
</html>
